#! /c/Source/iverilog-install/bin/vvp
:ivl_version "12.0 (devel)" "(s20150603-1539-g2693dd32b)";
:ivl_delay_selection "TYPICAL";
:vpi_time_precision + 0;
:vpi_module "C:\iverilog\lib\ivl\system.vpi";
:vpi_module "C:\iverilog\lib\ivl\vhdl_sys.vpi";
:vpi_module "C:\iverilog\lib\ivl\vhdl_textio.vpi";
:vpi_module "C:\iverilog\lib\ivl\v2005_math.vpi";
:vpi_module "C:\iverilog\lib\ivl\va_math.vpi";
S_0000014329cd6660 .scope module, "g1_lfsr" "g1_lfsr" 2 1;
 .timescale 0 0;
    .port_info 0 /INPUT 1 "clk";
    .port_info 1 /INPUT 1 "reset";
    .port_info 2 /OUTPUT 1 "g1_out";
L_0000014329cd90b0 .functor XOR 1, L_0000014329cdec70, L_0000014329cded10, C4<0>, C4<0>;
v0000014329cd6ee0_0 .net *"_ivl_1", 0 0, L_0000014329cdec70;  1 drivers
v0000014329cd9010_0 .net *"_ivl_3", 0 0, L_0000014329cded10;  1 drivers
o0000014329d27038 .functor BUFZ 1, C4<z>; HiZ drive
v0000014329cd67f0_0 .net "clk", 0 0, o0000014329d27038;  0 drivers
v0000014329cd6890_0 .net "feedback", 0 0, L_0000014329cd90b0;  1 drivers
v0000014329cd6930_0 .var "g1", 9 0;
v0000014329cd69d0_0 .net "g1_out", 0 0, L_0000014329cdedb0;  1 drivers
o0000014329d270f8 .functor BUFZ 1, C4<z>; HiZ drive
v0000014329cdebd0_0 .net "reset", 0 0, o0000014329d270f8;  0 drivers
E_0000014329cd8730 .event posedge, v0000014329cdebd0_0, v0000014329cd67f0_0;
L_0000014329cdec70 .part v0000014329cd6930_0, 9, 1;
L_0000014329cded10 .part v0000014329cd6930_0, 2, 1;
L_0000014329cdedb0 .part v0000014329cd6930_0, 9, 1;
    .scope S_0000014329cd6660;
T_0 ;
    %wait E_0000014329cd8730;
    %load/vec4 v0000014329cdebd0_0;
    %flag_set/vec4 8;
    %jmp/0xz  T_0.0, 8;
    %pushi/vec4 1023, 0, 10;
    %assign/vec4 v0000014329cd6930_0, 0;
    %jmp T_0.1;
T_0.0 ;
    %load/vec4 v0000014329cd6890_0;
    %load/vec4 v0000014329cd6930_0;
    %parti/s 9, 1, 2;
    %concat/vec4; draw_concat_vec4
    %assign/vec4 v0000014329cd6930_0, 0;
T_0.1 ;
    %jmp T_0;
    .thread T_0;
# The file index is used to find the file name in the following table.
:file_names 3;
    "N/A";
    "<interactive>";
    "g1_lfsr.v";
