#! /c/Source/iverilog-install/bin/vvp
:ivl_version "12.0 (devel)" "(s20150603-1539-g2693dd32b)";
:ivl_delay_selection "TYPICAL";
:vpi_time_precision + 0;
:vpi_module "C:\iverilog\lib\ivl\system.vpi";
:vpi_module "C:\iverilog\lib\ivl\vhdl_sys.vpi";
:vpi_module "C:\iverilog\lib\ivl\vhdl_textio.vpi";
:vpi_module "C:\iverilog\lib\ivl\v2005_math.vpi";
:vpi_module "C:\iverilog\lib\ivl\va_math.vpi";
S_000002527f2c6770 .scope module, "prn_selector" "prn_selector" 2 1;
 .timescale 0 0;
    .port_info 0 /INPUT 6 "prn_select";
    .port_info 1 /INPUT 10 "g2_state";
    .port_info 2 /OUTPUT 1 "g2_selected";
v000002527f2c6e70_0 .var "g2_selected", 0 0;
o000002527f4c6fd8 .functor BUFZ 10, C4<zzzzzzzzzz>; HiZ drive
v000002527f2cef10_0 .net "g2_state", 9 0, o000002527f4c6fd8;  0 drivers
o000002527f4c7008 .functor BUFZ 6, C4<zzzzzz>; HiZ drive
v000002527f2c6900_0 .net "prn_select", 5 0, o000002527f4c7008;  0 drivers
E_000002527f2cc850 .event anyedge, v000002527f2c6900_0, v000002527f2cef10_0;
    .scope S_000002527f2c6770;
T_0 ;
    %wait E_000002527f2cc850;
    %load/vec4 v000002527f2c6900_0;
    %dup/vec4;
    %pushi/vec4 1, 0, 6;
    %cmp/u;
    %jmp/1 T_0.0, 6;
    %dup/vec4;
    %pushi/vec4 2, 0, 6;
    %cmp/u;
    %jmp/1 T_0.1, 6;
    %dup/vec4;
    %pushi/vec4 3, 0, 6;
    %cmp/u;
    %jmp/1 T_0.2, 6;
    %dup/vec4;
    %pushi/vec4 4, 0, 6;
    %cmp/u;
    %jmp/1 T_0.3, 6;
    %load/vec4 v000002527f2cef10_0;
    %parti/s 1, 1, 2;
    %load/vec4 v000002527f2cef10_0;
    %parti/s 1, 5, 4;
    %xor;
    %store/vec4 v000002527f2c6e70_0, 0, 1;
    %jmp T_0.5;
T_0.0 ;
    %load/vec4 v000002527f2cef10_0;
    %parti/s 1, 1, 2;
    %load/vec4 v000002527f2cef10_0;
    %parti/s 1, 5, 4;
    %xor;
    %store/vec4 v000002527f2c6e70_0, 0, 1;
    %jmp T_0.5;
T_0.1 ;
    %load/vec4 v000002527f2cef10_0;
    %parti/s 1, 2, 3;
    %load/vec4 v000002527f2cef10_0;
    %parti/s 1, 6, 4;
    %xor;
    %store/vec4 v000002527f2c6e70_0, 0, 1;
    %jmp T_0.5;
T_0.2 ;
    %load/vec4 v000002527f2cef10_0;
    %parti/s 1, 3, 3;
    %load/vec4 v000002527f2cef10_0;
    %parti/s 1, 7, 4;
    %xor;
    %store/vec4 v000002527f2c6e70_0, 0, 1;
    %jmp T_0.5;
T_0.3 ;
    %load/vec4 v000002527f2cef10_0;
    %parti/s 1, 4, 4;
    %load/vec4 v000002527f2cef10_0;
    %parti/s 1, 8, 5;
    %xor;
    %store/vec4 v000002527f2c6e70_0, 0, 1;
    %jmp T_0.5;
T_0.5 ;
    %pop/vec4 1;
    %jmp T_0;
    .thread T_0, $push;
# The file index is used to find the file name in the following table.
:file_names 3;
    "N/A";
    "<interactive>";
    "prn_selector.v";
